// Jest Snapshot v1, https://goo.gl/fbAQLP

exports[`renders h1 1`] = `
<h1
  className="sc-bdVaJa eUErKY"
>
  Test
</h1>
`;
